// Vitest Snapshot v1, https://vitest.dev/guide/snapshot.html

exports[`App component > renders homepage 1`] = `
<div>
  <header
    class="_header_e4b327"
  >
    <ul
      class="_ul_e4b327"
    >
      <a
        class="_primary_e4b327"
        data-discover="true"
        href="/"
      >
        <li
          class="_li_e4b327"
        >
          Home
        </li>
      </a>
      <a
        class="_primary_e4b327"
        data-discover="true"
        href="/shop"
      >
        <li
          class="_li_e4b327"
        >
          Shop
        </li>
      </a>
      <a
        class="_primary_e4b327"
        data-discover="true"
        href="/cart"
      >
        <li
          class="_li_e4b327"
        >
          Cart (
          0
          )
        </li>
      </a>
    </ul>
    <hr />
  </header>
  <h1>
    Home Page
  </h1>
  <p>
    Welcome to the shop!
  </p>
  <p>
    Please take a look at the 
    <a
      href="shop"
    >
      Shop
    </a>
     page and add items to your cart.
  </p>
  <p>
    If you are a compulsive shopper this is the perfect place to manage your impulses as you cannot checkout your items.
  </p>
</div>
`;
